E:\AutoCAD type shit\Homework 4.1.dwg,Layout1,10/16/2024 8:50:47 PM,angel,AutoCAD PDF (General Documentation).pc3,ANSI full bleed A (8.50 x 11.00 Inches),1:1,
E:\AutoCAD type shit\Homework 4.2.dwg,Layout1,10/16/2024 8:51:00 PM,angel,AutoCAD PDF (General Documentation).pc3,ANSI full bleed A (8.50 x 11.00 Inches),1:1,
E:\AutoCAD type shit\Homework 4.3.dwg,Layout1,10/16/2024 8:51:31 PM,angel,AutoCAD PDF (General Documentation).pc3,ANSI full bleed A (8.50 x 11.00 Inches),1:1,
F:\AutoCAD type shit\Quiz1.dwg,Layout1,10/21/2024 4:41:45 PM,angelo.demetroulakos,AutoCAD PDF (General Documentation).pc3,ANSI full bleed A (8.50 x 11.00 Inches),1:1,
F:\AutoCAD type shit\Quiz1.dwg,Layout1,10/21/2024 4:44:22 PM,angelo.demetroulakos,AutoCAD PDF (General Documentation).pc3,ANSI full bleed A (8.50 x 11.00 Inches),1:1,
C:\Users\angel\Desktop\USB Backup\AutoCAD type shit\Homework 5.1.dwg,Layout1,10/22/2024 12:52:00 AM,angel,AutoCAD PDF (General Documentation).pc3,ANSI full bleed A (8.50 x 11.00 Inches),1:1,
C:\Users\angel\Desktop\USB Backup\AutoCAD type shit\Homework 5.2.dwg,Layout1,10/22/2024 12:52:10 AM,angel,AutoCAD PDF (General Documentation).pc3,ANSI full bleed A (8.50 x 11.00 Inches),1:1,
C:\Users\angel\Desktop\USB Backup\AutoCAD type shit\Homework 5.2.dwg,Layout1,10/22/2024 12:55:25 AM,angel,AutoCAD PDF (General Documentation).pc3,ANSI full bleed A (8.50 x 11.00 Inches),1:1,
C:\Users\angel\Desktop\USB Backup\AutoCAD type shit\Homework 6.1 Final.dwg,Layout1,11/5/2024 5:48:16 PM,angel,AutoCAD PDF (General Documentation).pc3,ANSI full bleed A (8.50 x 11.00 Inches),1:1,
C:\Users\angel\Desktop\USB Backup\AutoCAD type shit\Homework 6.1 Final.dwg,Layout1,11/5/2024 5:49:02 PM,angel,AutoCAD PDF (General Documentation).pc3,ANSI full bleed A (8.50 x 11.00 Inches),1:1,
C:\Users\angel\Desktop\USB Backup\AutoCAD type shit\Homework6.3mm.dwg,Layout1,11/5/2024 5:49:18 PM,angel,AutoCAD PDF (General Documentation).pc3,ANSI full bleed A (8.50 x 11.00 Inches),1:1,
E:\AutoCAD type shit\Homework6.3Final.dwg,Layout1,11/5/2024 5:49:31 PM,angel,AutoCAD PDF (General Documentation).pc3,ANSI full bleed A (8.50 x 11.00 Inches),1:1,
C:\Users\angel\Desktop\USB Backup\AutoCAD type shit\Homework6.3mm.dwg,Layout1,11/5/2024 5:51:31 PM,angel,AutoCAD PDF (General Documentation).pc3,ANSI full bleed A (8.50 x 11.00 Inches),1:1,
E:\AutoCAD type shit\Quiz3.dwg,Layout1,11/18/2024 4:11:22 PM,angel,AutoCAD PDF (General Documentation).pc3,ANSI full bleed A (8.50 x 11.00 Inches),1:1,
E:\AutoCAD type shit\homework8.2.dwg,Layout1,12/10/2024 5:56:08 PM,angel,AutoCAD PDF (General Documentation).pc3,ANSI full bleed A (8.50 x 11.00 Inches),1:1,
E:\AutoCAD type shit\homework8.1.dwg,Layout1,12/10/2024 5:56:24 PM,angel,AutoCAD PDF (General Documentation).pc3,ANSI full bleed A (8.50 x 11.00 Inches),1:1,
E:\AutoCAD type shit\homework8.2.dwg,Layout1,12/10/2024 5:57:36 PM,angel,AutoCAD PDF (General Documentation).pc3,ANSI full bleed A (8.50 x 11.00 Inches),1:1,
E:\AutoCAD type shit\homework8.2.dwg,Layout1,12/10/2024 5:58:23 PM,angel,AutoCAD PDF (General Documentation).pc3,ANSI full bleed A (8.50 x 11.00 Inches),1:1,
E:\AutoCAD type shit\homework8.2.dwg,Layout1,12/10/2024 5:58:57 PM,angel,AutoCAD PDF (General Documentation).pc3,ANSI full bleed A (8.50 x 11.00 Inches),1:1,
E:\AutoCAD type shit\homework8.1.dwg,Layout1,12/10/2024 6:00:57 PM,angel,AutoCAD PDF (General Documentation).pc3,ANSI full bleed A (8.50 x 11.00 Inches),1:1,
E:\AutoCAD type shit\homework8.1.dwg,Layout1,12/10/2024 6:06:21 PM,angel,AutoCAD PDF (General Documentation).pc3,ANSI full bleed A (8.50 x 11.00 Inches),1:1,
